[backblue.gif]
[fade.gif]
[index.html]
[www.freemon.co.kr/resources/images/new/freemon_naver.jpg]
[www.freemon.co.kr/resources/images/new/favicon.ico]
[www.freemon.co.kr/index.html]
[www.freemon.co.kr/resources/css/reset.html]
[www.freemon.co.kr/resources/images/new/blog.png]
[www.freemon.co.kr/resources/images/new/blog_on.png]
[www.freemon.co.kr/images/new/my_arrow.png]
[www.freemon.co.kr/resources/images/new/top_arrow.png]
[www.freemon.co.kr/resources/images/new/logo.png]
[www.freemon.co.kr/resources/images/new/flow_icon.png]
[www.freemon.co.kr/resources/images/new/i_ask.png]
[www.freemon.co.kr/resources/images/new/r_line.gif]
[www.freemon.co.kr/resources/mobl/images/common/top.png]
[www.freemon.co.kr/resources/images/common/play_qr.png]
[www.freemon.co.kr/resources/images/common/store_qr.png]
[www.freemon.co.kr/resources/images/common/play_logo.png]
[www.freemon.co.kr/resources/images/common/store_logo.png]
[www.freemon.co.kr/resources/css/defaulta9af.css]
[www.freemon.co.kr/images/new/recom_bar.gif]
[www.freemon.co.kr/images/new/i_tech.png]
[www.freemon.co.kr/images/new/tech0.png]
[www.freemon.co.kr/images/new/tech1.png]
[www.freemon.co.kr/images/new/tech2.png]
[www.freemon.co.kr/images/new/tech3.png]
[www.freemon.co.kr/images/new/tech4.png]
[www.freemon.co.kr/images/new/tech5.png]
[www.freemon.co.kr/images/new/tech6.png]
[www.freemon.co.kr/resources/images/new/i_fnote.png]
[www.freemon.co.kr/resources/images/new/i_add.png]
[www.freemon.co.kr/resources/images/new/question.png]
[www.freemon.co.kr/resources/images/new/question_on.png]
[www.freemon.co.kr/resources/images/new/career_over.png]
[www.freemon.co.kr/resources/images/new/i_favor.png]
[www.freemon.co.kr/resources/images/new/i_map.png]
[www.freemon.co.kr/resources/images/new/i_share.png]
[www.freemon.co.kr/resources/images/new/i_favor_on.png]
[www.freemon.co.kr/resources/images/new/i_share_on.png]
[www.freemon.co.kr/resources/images/new/i_day2.png]
[www.freemon.co.kr/resources/images/new/i_day.png]
[www.freemon.co.kr/resources/images/new/i_eye.png]
[www.freemon.co.kr/resources/images/new/i_eye_on.png]
[www.freemon.co.kr/resources/images/new/list_bar.png]
[www.freemon.co.kr/resources/images/new/i_old.png]
[www.freemon.co.kr/resources/images/new/i_career.png]
[www.freemon.co.kr/resources/images/new/i_local.png]
[www.freemon.co.kr/resources/images/new/i_tech.png]
[www.freemon.co.kr/resources/images/new/i_pay.png]
[www.freemon.co.kr/resources/images/new/i_condition.png]
[www.freemon.co.kr/resources/images/new/i_favor_over.png]
[www.freemon.co.kr/resources/images/new/i_favor_on2.png]
[www.freemon.co.kr/resources/images/new/i_pick.png]
[www.freemon.co.kr/resources/images/new/i_pick_over.png]
[www.freemon.co.kr/resources/images/new/i_pick_on.png]
[www.freemon.co.kr/resources/images/new/i_map_over.png]
[www.freemon.co.kr/resources/images/new/i_share_over.png]
[www.freemon.co.kr/resources/images/new/i_contract2.png]
[www.freemon.co.kr/resources/images/new/i_memo.png]
[www.freemon.co.kr/resources/images/new/i_memo_over.png]
[www.freemon.co.kr/resources/images/new/i_memo_on.png]
[www.freemon.co.kr/resources/images/new/i_del.png]
[www.freemon.co.kr/resources/images/new/i_man2.png]
[www.freemon.co.kr/resources/images/new/i_paper2.png]
[www.freemon.co.kr/resources/images/new/i_man.png]
[www.freemon.co.kr/resources/images/new/i_paper.png]
[www.freemon.co.kr/resources/images/common/file.png]
[www.freemon.co.kr/resources/images/new/year_on.png]
[www.freemon.co.kr/images/new/career_line.png]
[www.freemon.co.kr/resources/images/new/list_bg.png]
[www.freemon.co.kr/resources/images/new/r_plus.png]
[www.freemon.co.kr/resources/images/new/r_minus.png]
[www.freemon.co.kr/resources/images/new/img_document1.png]
[www.freemon.co.kr/resources/images/new/img_document2.png]
[www.freemon.co.kr/resources/images/new/faq_plue_gray.png]
[www.freemon.co.kr/resources/images/new/faq_minus_gray.png]
[www.freemon.co.kr/resources/images/new/answer_line.png]
[www.freemon.co.kr/resources/images/new/agrcheck.png]
[www.freemon.co.kr/resources/images/new/agrcheck_on.png]
[www.freemon.co.kr/resources/images/new/view_check.png]
[www.freemon.co.kr/resources/images/new/sear_agree.png]
[www.freemon.co.kr/resources/images/new/sear_agree_on.png]
[www.freemon.co.kr/resources/images/new/icon_sche.png]
[www.freemon.co.kr/resources/images/new/icon_tech.png]
[www.freemon.co.kr/resources/images/new/icon_location.png]
[www.freemon.co.kr/resources/images/new/btn_sign_ok.png]
[www.freemon.co.kr/resources/images/new/btn_sign_del.png]
[www.freemon.co.kr/resources/images/new/i_contract_over.png]
[www.freemon.co.kr/resources/images/new/i_inquiry.png]
[www.freemon.co.kr/resources/images/new/i_project.png]
[www.freemon.co.kr/resources/images/new/i_contract2_w.png]
[www.freemon.co.kr/resources/images/new/right5.png]
[www.freemon.co.kr/resources/images/new/tit_link.png]
[www.freemon.co.kr/resources/images/new/man_arrow.png]
[www.freemon.co.kr/resources/images/new/man1.png]
[www.freemon.co.kr/resources/images/new/man2.png]
[www.freemon.co.kr/resources/images/new/man3.png]
[www.freemon.co.kr/resources/images/new/man4.png]
[www.freemon.co.kr/resources/images/new/man5.png]
[www.freemon.co.kr/resources/images/new/man6.png]
[www.freemon.co.kr/resources/images/new/tit_more.png]
[www.freemon.co.kr/resources/images/new/tit_more_over.png]
[www.freemon.co.kr/resources/images/new/q.png]
[www.freemon.co.kr/resources/images/new/i.png]
[www.freemon.co.kr/resources/images/new/a_arrow.png]
[www.freemon.co.kr/resources/images/new/close.png]
[www.freemon.co.kr/resources/images/new/close_b.png]
[www.freemon.co.kr/resources/images/new/me_arrow.png]
[www.freemon.co.kr/resources/images/new/you_arrow.png]
[www.freemon.co.kr/resources/images/new/s_del.png]
[www.freemon.co.kr/resources/images/new/s_del_over.png]
[www.freemon.co.kr/resources/images/new/no-pic.png]
[www.freemon.co.kr/resources/images/new/m_more.png]
[www.freemon.co.kr/resources/images/new/option.png]
[www.freemon.co.kr/resources/images/new/option_on.png]
[www.freemon.co.kr/resources/images/new/entry_bg.png]
[www.freemon.co.kr/resources/images/new/select_arrow.png]
[www.freemon.co.kr/resources/images/new/bullet4.png]
[www.freemon.co.kr/resources/images/new/bullet5.png]
[www.freemon.co.kr/resources/images/new/pre.png]
[www.freemon.co.kr/resources/images/new/next.png]
[www.freemon.co.kr/resources/images/new/career_arrow.gif]
[www.freemon.co.kr/resources/images/new/reflesh.png]
[www.freemon.co.kr/resources/images/new/reflesh_over.png]
[www.freemon.co.kr/resources/images/new/mem_done.png]
[www.freemon.co.kr/resources/images/new/bar_14.gif]
[www.freemon.co.kr/resources/images/new/agree_all.png]
[www.freemon.co.kr/resources/images/new/resume_line.gif]
[www.freemon.co.kr/resources/mobl/images/new/s_del.png]
[www.freemon.co.kr/resources/mobl/images/new/no_page.png]
[www.freemon.co.kr/resources/css/new6d33.css]
[www.freemon.co.kr/resources/scripts/jquery-3.3.1.min.js]
[www.freemon.co.kr/resources/scripts/jquery.flexslider.js]
[www.freemon.co.kr/resources/scripts/site_ui.js]
[www.freemon.co.kr/resources/js/jquery.easing.1.3.js]
[www.freemon.co.kr/resources/scripts/calendar/pignose.calendar.full.js]
[www.freemon.co.kr/resources/js/jquery-ui.min.js]
[www.freemon.co.kr/resources/js/jquery.ba-hashchange.min.js]
[www.freemon.co.kr/resources/js/jquery.json-2.3.js]
[www.freemon.co.kr/resources/js/jquery.validate.min.js]
[www.freemon.co.kr/resources/js/jquery.history.js]
[www.freemon.co.kr/resources/js/grid.locale-kr.js]
[www.freemon.co.kr/resources/js/jquery.jqGrid.min.js]
[www.freemon.co.kr/resources/js/jquery.marquee.min9a0d.js]
[www.freemon.co.kr/resources/js/mustache.js]
[www.freemon.co.kr/resources/js/jquery.cookie.js]
[www.freemon.co.kr/resources/i18n/commonMessages_ko.js]
[www.freemon.co.kr/resources/freemon/base64.js]
[www.freemon.co.kr/resources/freemon/sha256.js]
[www.freemon.co.kr/resources/freemon/nmask.js]
[www.freemon.co.kr/resources/freemon/freemonc599.js]
[www.freemon.co.kr/resources/js/gnb_common56b8.js]
[www.freemon.co.kr/resources/freemon/common/apply.js]
[www.freemon.co.kr/resources/freemon/common/freemonPopUp9667.js]
[www.freemon.co.kr/resources/freemon/common/input.js]
[developers.kakao.com/sdk/js/kakao.min.js]
[www.freemon.co.kr/resources/images/common/loading.gif]
[www.freemon.co.kr/resources/freemon/common/jquery.mousewheel.js]
[www.freemon.co.kr/resources/freemon/common/slick.min.js]
[www.freemon.co.kr/resources/freemon/common/main069b.js]
[www.freemon.co.kr/resources/freemon/home/freemonHome3851.js]
[www.freemon.co.kr/resources/freemon/home/counter069b.js]
[www.freemon.co.kr/resources/images/new/r_free.gif]
[www.freemon.co.kr/resources/images/new/r_file.png]
[www.freemon.co.kr/resources/images/new/img_award.jpg]
[www.freemon.co.kr/home.html]
[www.freemon.co.kr/resources/css/font/NotoSansKR-Light.woff]
[www.freemon.co.kr/resources/css/font/NotoSansKR-Regular.woff]
[www.freemon.co.kr/resources/css/font/NotoSansKR-Medium.woff]
[www.freemon.co.kr/resources/css/NotoSans_kr.css]
[www.freemon.co.kr/resources/images/new/img_mentor.png]
[www.freemon.co.kr/resources/images/new/img_insert.png]
[www.freemon.co.kr/resources/images/new/img_welcome.png]
[www.freemon.co.kr/resources/images/new/main_icon3-1_b.png]
[www.freemon.co.kr/resources/images/new/main_icon3-2_b.png]
[www.freemon.co.kr/resources/images/new/main_icon3-3_b.png]
[www.freemon.co.kr/images/new/resume.png]
[www.freemon.co.kr/resources/images/new/step_line.png]
[www.freemon.co.kr/resources/images/new/link.png]
[www.freemon.co.kr/resources/css/content9667.css]
[www.freemon.co.kr/resources/images/common/f_note.gif]
[www.freemon.co.kr/resources/images/common/step_yes.png]
[www.freemon.co.kr/resources/images/common/step_no.png]
[www.freemon.co.kr/resources/images/common/i_local.png]
[www.freemon.co.kr/resources/images/common/i_pay.png]
[www.freemon.co.kr/resources/images/common/i_tech.png]
[www.freemon.co.kr/resources/images/common/i_while.png]
[www.freemon.co.kr/resources/images/common/pre.png]
[www.freemon.co.kr/resources/images/common/next.png]
[www.freemon.co.kr/resources/images/common/map_bg.png]
[www.freemon.co.kr/resources/images/new/list_point_active3.png]
[www.freemon.co.kr/resources/images/new/list_point.png]
[www.freemon.co.kr/resources/images/common/i_old.png]
[www.freemon.co.kr/resources/images/common/profile.png]
[www.freemon.co.kr/resources/images/new/project2.gif]
[www.freemon.co.kr/resources/images/new/project3.png]
[www.freemon.co.kr/resources/images/new/day_end.png]
[www.freemon.co.kr/resources/images/new/month_arrow.png]
[www.freemon.co.kr/resources/images/common/step_arrow.png]
[www.freemon.co.kr/resources/images/common/step1.png]
[www.freemon.co.kr/resources/images/common/step2.png]
[www.freemon.co.kr/resources/images/common/step3.png]
[www.freemon.co.kr/resources/images/common/step4.png]
[www.freemon.co.kr/resources/images/common/step5.png]
[www.freemon.co.kr/resources/images/common/s_month.png]
[www.freemon.co.kr/resources/images/common/s_search.png]
[www.freemon.co.kr/resources/images/common/s_down.png]
[www.freemon.co.kr/resources/images/common/s_up.png]
[www.freemon.co.kr/resources/images/common/s_close.png]
[www.freemon.co.kr/resources/images/common/s_check.png]
[www.freemon.co.kr/resources/images/common/s_check_on.png]
[www.freemon.co.kr/resources/images/common/check.png]
[www.freemon.co.kr/resources/images/common/check_on.png]
[www.freemon.co.kr/resources/images/common/info.gif]
[www.freemon.co.kr/resources/images/common/add.gif]
[www.freemon.co.kr/resources/images/common/add_on.gif]
[www.freemon.co.kr/resources/images/common/more_arrow.png]
[www.freemon.co.kr/resources/css/style0125.css]
[www.freemon.co.kr/resources/images/new/i_contract_on.html]
[www.googletagmanager.com/gtm5445.html]
[www.freemon.co.kr/resources/css/images/ui-bg_highlight-soft_100_eeeeee_1x100.png]
[www.freemon.co.kr/resources/css/jquery-ui.mina751.css]
[www.freemon.co.kr/resources/css/images/ui-bg_diagonals-thick_18_b81900_40x40.png]
[www.freemon.co.kr/resources/images/common/kakao.png]
[www.freemon.co.kr/resources/images/common/benefit_11.png]
[www.freemon.co.kr/resources/images/common/benefit_12.png]
[www.freemon.co.kr/resources/images/common/benefit_13.png]
[www.freemon.co.kr/resources/images/common/benefit_14.png]
[www.freemon.co.kr/resources/images/common/benefit_15.png]
[www.freemon.co.kr/resources/images/common/benefit_21.png]
[www.freemon.co.kr/resources/images/common/benefit_22.png]
[www.freemon.co.kr/resources/images/common/benefit_23.png]
[www.freemon.co.kr/resources/images/common/benefit_24.png]
[www.freemon.co.kr/resources/images/common/benefit_25.png]
[www.freemon.co.kr/resources/images/new/i_kakao.png]
[www.freemon.co.kr/resources/images/new/flow_icon_w.png]
[www.freemon.co.kr/resources/images/new/i_join_p.png]
[www.freemon.co.kr/resources/images/new/i_join_c.png]
[www.freemon.co.kr/resources/images/new/agree.png]
[www.freemon.co.kr/resources/images/new/agree_on.png]
[www.freemon.co.kr/resources/images/new/agree_down.png]
[www.freemon.co.kr/resources/images/new/agree_up.png]
[www.freemon.co.kr/resources/images/new/join_line.gif]
[www.freemon.co.kr/resources/images/new/join_line_on.gif]
[www.freemon.co.kr/resources/images/new/join_i1.png]
[www.freemon.co.kr/resources/images/new/join_i3.png]
[www.freemon.co.kr/resources/images/new/join_i4.png]
[www.freemon.co.kr/resources/images/new/cjoin_i1.png]
[www.freemon.co.kr/resources/css/membercd4e.css]
[www.freemon.co.kr/resources/images/new/i_pass.png]
[www.freemon.co.kr/resources/css/web_hand.css]
[www.freemon.co.kr/resources/css/images/ui-bg_glass_65_ffffff_1x400.png]
[www.freemon.co.kr/resources/css/images/ui-bg_highlight-soft_75_ffe45c_1x100.png]
[www.freemon.co.kr/resources/css/images/ui-icons_ffffff_256x240.png]
[www.freemon.co.kr/resources/css/images/ui-bg_diagonals-thick_20_666666_40x40.png]
[www.freemon.co.kr/resources/css/career-ui.mina751.css]
[www.freemon.co.kr/resources/css/ui.jqgrid.css]
[www.freemon.co.kr/resources/images/new/main_img0.jpg]
[www.freemon.co.kr/resources/images/new/main_img1.jpg]
[www.freemon.co.kr/resources/images/new/main_img2.jpg]
[www.freemon.co.kr/resources/images/new/main_img3.jpg]
[www.freemon.co.kr/resources/images/new/main_img4.jpg]
[www.freemon.co.kr/resources/images/main/main_img9.jpg]
[www.freemon.co.kr/resources/images/new/main_img6.jpg]
[www.freemon.co.kr/resources/images/new/main_img7.jpg]
[www.freemon.co.kr/resources/images/new/main_img8.jpg]
[www.freemon.co.kr/images/new/main_prev.png]
[www.freemon.co.kr/images/new/main_next.png]
[www.freemon.co.kr/resources/images/new/counter3.png]
[www.freemon.co.kr/resources/images/new/counter4.png]
[www.freemon.co.kr/resources/css/main56b8.css]
[www.freemon.co.kr/resources/images/new/m_more.gif]
[www.freemon.co.kr/resources/freemon/login/freemonLogin069b.js]
[www.freemon.co.kr/login/freemonLogin.html]
[www.freemon.co.kr/account/joinSelect.html]
[www.freemon.co.kr/resources/freemon/customer/noticeSearch9a0d.js]
[www.freemon.co.kr/resources/js/faq.js]
[www.freemon.co.kr/customer/noticeSearch.html]
[www.freemon.co.kr/resources/freemon/customer/questionRegist.js]
[www.freemon.co.kr/customer/questionRegistForm.html]
[www.freemon.co.kr/resources/js/bootstrap-slider.min.js]
[www.freemon.co.kr/resources/freemon/talent/talentSearch29d4.js]
[www.freemon.co.kr/resources/freemon/common/freemonSearch9667.js]
[www.freemon.co.kr/talent/talentSearch.html]
[www.freemon.co.kr/resources/freemon/project/projectSearch6a91.js]
[www.freemon.co.kr/project/projectSearch.html]
[www.freemon.co.kr/resources/freemon/project/projectMap5652.js]
[www.freemon.co.kr/resources/freemon/mapClusterer.js]
[www.freemon.co.kr/project/projectMap.html]
[www.freemon.co.kr/login/freemonLoginbce7.html]
[www.freemon.co.kr/home/freemonIndividualTerms.html]
[www.freemon.co.kr/home/freemonIndividualPrivacy.html]
[www.freemon.co.kr/resources/images/common/step6.html]
[www.freemon.co.kr/resources/css/images/ui-bg_gloss-wave_35_f6a828_500x100.html]
[www.freemon.co.kr/resources/css/images/ui-bg_glass_100_f6f6f6_1x400.html]
[www.freemon.co.kr/resources/css/images/ui-bg_glass_100_fdf5ce_1x400.html]
[www.freemon.co.kr/resources/css/images/ui-icons_222222_256x240.html]
[www.freemon.co.kr/resources/css/images/ui-icons_ef8c08_256x240.html]
[www.freemon.co.kr/resources/css/images/ui-icons_228ef1_256x240.html]
[www.freemon.co.kr/resources/css/images/ui-icons_ffd27a_256x240.html]
[www.freemon.co.kr/resources/css/images/ui-bg_flat_10_000000_40x100.html]
[www.freemon.co.kr/resources/freemon/account/companyJoin9667.js]
[www.freemon.co.kr/account/companyJoin.html]
[www.freemon.co.kr/resources/css/bootstrap-slider.css]
